// Jest Snapshot v1, https://goo.gl/fbAQLP

exports[`Toggle.tsx toggle matches snapshot 1`] = `
<DocumentFragment>
  <div
    class="sc-bxivhb hbJYnJ"
  >
    <button
      class=""
      data-testid="rock"
    >
      <h6
        class="sc-ifAKCX jpeJOs"
        type="h6"
      >
        rock
      </h6>
    </button>
    <button
      class=""
      data-testid="jazz"
    >
      <h6
        class="sc-EHOje fBVHip"
        type="h6"
      >
        jazz
      </h6>
    </button>
    <button
      class="toggle-active"
      data-testid="folk"
    >
      <h6
        class="sc-bZQynM jheleg"
        type="h6"
      >
        folk
      </h6>
    </button>
    <button
      class=""
      data-testid="all"
    >
      <h6
        class="sc-gzVnrw fDlMua"
        type="h6"
      >
        all
      </h6>
    </button>
  </div>
</DocumentFragment>
`;
